// Jest Snapshot v1, https://goo.gl/fbAQLP

exports[`<BuilderPreview /> should render by default 1`] = `
<div
  className="container"
>
  <div
    className="preview_title_container"
  >
    <Text
      className="preview_title"
    >
      HCARD PREVIEW
    </Text>
  </div>
  <div
    className="vcard"
  >
    <div
      className="preview_identity"
    >
      <img
        alt="avatar"
        className="photo"
        src="avatar_default.png"
      />
      <span
        className="fn"
      >
        <span
          className="given-name"
        >
          Sam
           
          Fairtax
        </span>
        <span
          className="family-name"
        />
      </span>
    </div>
    <div
      className="preview_detail"
    >
      <div
        className="preview_row"
      >
        <span
          className="preview_label"
        >
          EMAIL
        </span>
        <span
          className="email preview_content"
        >
          sam.fairtax@fairtaxmedia.com.au
        </span>
      </div>
      <div
        className="preview_row"
      >
        <span
          className="preview_label"
        >
          PHONE
        </span>
        <span
          className="tel preview_content"
        >
          02 9282 2833
        </span>
      </div>
      <div
        className="adr"
      >
        <div
          className="preview_row"
        >
          <span
            className="preview_label"
          >
            ADDRESS
          </span>
          <span
            className="street-address preview_content"
          >
            1 Darling Island Road
          </span>
        </div>
        <div
          className="preview_row preview_row_additional"
        >
          <span
            className="locality preview_content"
          >
            Pyrmont, 
          </span>
          <span
            className="region preview_content"
          >
            NSW
          </span>
        </div>
      </div>
      <div
        className="preview_row"
      >
        <span>
          <span
            className="preview_label"
          >
            POSTCODE
          </span>
          <span
            className="postal-code preview_content"
          >
            2009
          </span>
        </span>
        <span>
          <span
            className="preview_label preview_label_country"
          >
            COUNTRY
          </span>
          <span
            className="country-name preview_content"
          >
            Australia
          </span>
        </span>
      </div>
    </div>
  </div>
</div>
`;
